// Jest Snapshot v1, https://goo.gl/fbAQLP

exports[`<IconDropdown /> matches the snapshot 1`] = `
<DocumentFragment>
  <button
    aria-label="menu"
    class="h-btn h-btn--xs me-2 h-btn--border-hover h-btn--square"
    tabindex="0"
    type="button"
  >
    <span
      class="h-icon-add h-color-text-blue-500"
    />
  </button>
</DocumentFragment>
`;
